.venv/Scripts/python : .....FF
所在位置 行:1 字符: 1
+ .venv/Scripts/python -m unittest tests/test_heavy_duty.py > test_outp ...
+ ~~~~~~~~~~~~~~~~~~~~~~~~~~~~~~~~~~~~~~~~~~~~~~~~~~~~~~~~~~~~~~~~~~~~~
    + CategoryInfo          : NotSpecified: (.....FF:String) [], RemoteException
    + FullyQualifiedErrorId : NativeCommandError
 
======================================================================
FAIL: test_table_definition_and_column_rules (tests.test_heavy_duty.HeavyDutySourceCodeTestCase.test_table_definition_a
nd_column_rules)
----------------------------------------------------------------------
Traceback (most recent call last):
  File "D:\Src\netbox-otnfaults\tests\test_heavy_duty.py", line 50, in test_table_definition_and_column_rules
    self.assertTrue(fields_line[0].strip().endswith("'actions',)") or fields_line[0].strip().endswith("'actions')"))
    ~~~~~~~~~~~~~~~^^^^^^^^^^^^^^^^^^^^^^^^^^^^^^^^^^^^^^^^^^^^^^^^^^^^^^^^^^^^^^^^^^^^^^^^^^^^^^^^^^^^^^^^^^^^^^^^^
AssertionError: False is not true

======================================================================
FAIL: test_views_and_routes (tests.test_heavy_duty.HeavyDutySourceCodeTestCase.test_views_and_routes)
----------------------------------------------------------------------
Traceback (most recent call last):
  File "D:\Src\netbox-otnfaults\tests\test_heavy_duty.py", line 67, in test_views_and_routes
    self.assertIn("class HeavyDutyListView(generic.ObjectListView):", views_source)
    ~~~~~~~~~~~~~^^^^^^^^^^^^^^^^^^^^^^^^^^^^^^^^^^^^^^^^^^^^^^^^^^^^^^^^^^^^^^^^^^
AssertionError: 'class HeavyDutyListView(generic.ObjectListView):' not found in 'from netbox.views import generic\nfrom
 django.shortcuts import get_object_or_404, redirect, render\nfrom django.http import HttpRequest, HttpResponse\nfrom u
tilities.views import register_model_view, ViewTab\nfrom django_tables2 import RequestConfig\nfrom .models import OtnFa
ult, OtnFaultImpact, OtnPath, OtnPathGroup, OtnPathGroupSite, BareFiberService, CircuitService, CutoverTask, CutoverImp
act, HeavyDuty\nfrom dcim.models import Site\nfrom .forms import (\n    OtnFaultForm, OtnFaultImpactForm, OtnFaultFilte
rForm, OtnFaultImpactFilterForm, \n    OtnFaultBulkEditForm, OtnFaultImpactBulkEditForm, OtnFaultImportForm, OtnFaultIm
pactImportForm,\n    OtnPathForm, OtnPathFilterForm, OtnPathImportForm, OtnPathBulkEditForm,\n    OtnPathGroupForm, Otn
PathGroupCopyMembersForm, OtnPathGroupFilterForm, OtnPathGroupSiteForm,\n    BareFiberServiceForm, BareFiberServiceFilt
erForm, BareFiberServiceImportForm, BareFiberServiceBulkEditForm,\n    CircuitServiceForm, CircuitServiceFilterForm, Ci
rcuitServiceImportForm, CircuitServiceBulkEditForm,\n    CutoverTaskForm, CutoverTaskFilterForm, CutoverTaskImportForm,
 CutoverTaskBulkEditForm,\n    CutoverImpactForm, CutoverImpactFilterForm, CutoverImpactImportForm, CutoverImpactBulkEd
itForm,\nfrom django.contrib import messages\nfrom django.contrib.auth.mixins import PermissionRequiredMixin\nfrom djan
go.db import transaction\nimport json\nfrom typing import Any\nfrom django.core.serializers.json import DjangoJSONEncod
er\nfrom django.core.exceptions import ValidationError\nfrom django.conf import settings\nfrom django.urls import rever
se\nfrom urllib.parse import urlencode\nimport logging\nfrom .map_modes import get_mode_config\nfrom .statistics_period
 import build_period_display\nfrom .statistics_views import _parse_time_range, get_cable_break_base_queryset, truncate_
sla\nfrom .services.map_preferences import (\n    build_map_preference_context,\n    get_user_map_style_config,\n    sa
ve_user_map_style_config,\n)\nfrom .utils import build_fault_colors_config, get_hex_color\nfrom .services.fault_map_dat
a import (\n    build_fault_map_payload,\n    build_statistics_cable_break_map_payload,\n    get_sites_data,\n    build
_cutover_map_payload,\n)\nfrom .services.fault_coordinates import resolve_fault_coordinates\nfrom .services.cutover_fau
lt_generation import (\n    build_fault_initial_data,\n    create_fault_from_cutover,\n)\nfrom .view_mixins import Exce
lFriendlyCSVExportMixin\n\n\nlogger = logging.getLogger(__name__)\n\n\ndef get_plugin_settings():\n    """获取插件配置"""\n  
  return settings.PLUGINS_CONFIG.get(\'netbox_otnfaults\', {})\n\n\ndef _format_statistics_map_period_label(filter_type
, start_date, end_date, now) -> str:\n    period = build_period_display(start_date, end_date, now)\n    start_text = pe
riod.get(\'start\', \'\').replace(\'-\', \'.\')\n    end_value = period.get(\'end\', \'\')\n    end_text = end_value.re
place(\'-\', \'.\') if end_value else \'\'\n\n    if filter_type == \'month\':\n        title = f"月统计 {start_date.year}
年{start_date.month}月"\n    elif filter_type == \'quarter\':\n        quarter = ((start_date.month - 1) // 3) + 1\n     
   title = f"季度统计 {start_date.year}年第{quarter}季度"\n    elif filter_type == \'half\':\n        half_label = \'上半年\' if s
tart_date.month <= 6 else \'下半年\'\n        title = f"半年统计 {start_date.year}年{half_label}"\n    elif filter_type == \'we
ek\':\n        title = f"周统计 {start_date.year}年{start_date.month}月{start_date.day}日"\n    else:\n        title = f"年统计 
{start_date.year}年"\n\n    return f"{title}（{start_text}至{end_text}）"\n\n\nclass OtnFaultListView(ExcelFriendlyCSVExpor
tMixin, generic.ObjectListView):\n    """OTN故障列表视图"""\n    queryset = OtnFault.objects.all()\n    table = OtnFaultTable
\n    filterset = OtnFaultFilterSet\n    filterset_form = OtnFaultFilterForm\n    template_name = \'netbox_otnfaults/ot
nfault_list.html\'\n\nclass OtnFaultBulkImportView(generic.BulkImportView):\n    """OTN故障批量导入视图"""\n    queryset = OtnF
ault.objects.all()\n    model = OtnFault\n    model_form = OtnFaultImportForm\n    table = OtnFaultTable\n\nfrom django
.http import JsonResponse\n\nclass OtnFaultMapDataView(PermissionRequiredMixin, View):\n    """OTN故障地图数据视图 (Async API)"
""\n    permission_required = \'netbox_otnfaults.view_otnfault\'\n    \n    def get(self, request):\n        # 检查请求模式\n
        mode = request.GET.get(\'mode\', \'fault\')\n        \n        # 获取站点数据 (所有模式都需要)\n        sites_data = get_sit
es_data()\n        \n        # 根据模式返回不同数据\n        if mode != \'fault\':\n            # 路径、路径组、位置模式只需要站点数据\n           
 return JsonResponse({\n                \'sites_data\': sites_data\n            })\n        \n        # 解析割接过滤参数\n     
   cutover_status = request.GET.getlist(\'cutover_status\') or request.GET.getlist(\'cutover_status[]\')\n        cutov
er_time_range = request.GET.get(\'cutover_time_range\', \'all\')\n        \n        payload = build_fault_map_payload()
\n        cutover_data = build_cutover_map_payload(status_list=cutover_status, time_range=cutover_time_range)\n        
\n        return JsonResponse({\n            \'sites_data\': sites_data,\n            \'heatmap_data\': payload[\'heatm
ap_data\'],\n            \'marker_data\': payload[\'marker_data\'],\n            \'cutover_data\': cutover_data,\n     
   })\n\n\nclass MapPreferenceView(PermissionRequiredMixin, View):\n    """Current user\'s per-map-mode style preferenc
e endpoint."""\n\n    permission_required = \'netbox_otnfaults.view_otnfault\'\n\n    def get(self, request, map_mode: 
str):\n        return JsonResponse({\n            \'schema_version\': 1,\n            \'style_config\': get_user_map_st
yle_config(request.user, map_mode),\n        })\n\n    def post(self, request, map_mode: str):\n        try:\n         
   payload = json.loads(request.body.decode(\'utf-8\') or \'{}\')\n        except json.JSONDecodeError:\n            re
turn JsonResponse({\'error\': \'无效的 JSON 请求体\'}, status=400)\n\n        if not isinstance(payload, dict):\n            
return JsonResponse({\'error\': \'请求体必须是 JSON 对象\'}, status=400)\n\n        raw_style_config = payload.get(\'style_conf
ig\', payload)\n        if not isinstance(raw_style_config, dict):\n            return JsonResponse({\'error\': \'style
_config 必须是 JSON 对象\'}, status=400)\n\n        try:\n            normalized = save_user_map_style_config(request.user, 
map_mode, raw_style_config)\n        except ValidationError as exc:\n            return JsonResponse({\'error\': \'; \'
.join(exc.messages)}, status=400)\n        except Exception as exc:\n            logger.exception("Failed to save map s
tyle preference for user=%s mode=%s", request.user, map_mode)\n            if settings.DEBUG:\n                message 
= f"{exc.__class__.__name__}: {exc}"\n            else:\n                message = "保存地图样式失败，请查看 NetBox 服务端日志。"\n      
      return JsonResponse({\'error\': message}, status=500)\n\n        return JsonResponse({\'schema_version\': 1, \'st
yle_config\': normalized})\n\nclass OtnFaultGlobeMapView(PermissionRequiredMixin, View):\n    """OTN一张图（地球模式）视图"""\n   
 permission_required = \'netbox_otnfaults.view_otnfault\'\n\n    def get(self, request):\n        # 获取插件配置\n        plu
gin_settings = get_plugin_settings()\n        \n        # 获取模式配置\n        mode_config = get_mode_config(\'fault\')\n   
     \n        # 构建 header_actions 的实际 URL\n        for action in mode_config.get(\'header_actions\', []):\n           
 action[\'url\'] = reverse(action[\'url_name\'])\n        \n        return render(request, \'netbox_otnfaults/unified_m
ap.html\', {\n            # 模式配置\n            \'map_mode\': \'fault\',\n            \'mode_config\': mode_config,\n    
        \'header_info\': None,\n            \'layers_config\': json.dumps(mode_config.get(\'layers\', {})),\n          
  \'projection\': mode_config.get(\'projection\', \'mercator\'),\n            \n            # 基础配置 (API Key, Center, et
c.)\n            \'apikey\': plugin_settings.get(\'map_api_key\', \'\'),\n            \'map_center\': json.dumps(plugin
_settings.get(\'map_default_center\', [112.53, 33.00])),\n            \'map_zoom\': plugin_settings.get(\'map_default_z
oom\', 4.2),\n            \'use_local_basemap\': plugin_settings.get(\'use_local_basemap\', False),\n            \'loca
l_tiles_url\': plugin_settings.get(\'local_tiles_url\', \'\'),\n            \'local_glyphs_url\': plugin_settings.get(\
'local_glyphs_url\', \'\'),\n            \'otn_paths_pmtiles_url\': plugin_settings.get(\'otn_paths_pmtiles_url\', \'\'
),\n            \'path_group_overlays_url\': reverse(\'plugins-api:netbox_otnfaults-api:path-group-map-overlays\'),\n  
          \n            # 动态数据 URL\n            \'map_data_url\': reverse(\'plugins:netbox_otnfaults:otnfault_map_data\
'),\n\n            # 辅助数据\n            \'fault_list_url\': reverse(\'plugins:netbox_otnfaults:otnfault_list\'),\n      
      \'colors_config\': json.dumps(build_fault_colors_config(), cls=DjangoJSONEncoder),\n\n            # 调试模式参数\n     
       \'debug_mode\': False,\n            \'show_debug_panel\': False,\n            \'debug_date\': \'2025-12-05 00:00
:00\',\n            **build_map_preference_context(request, \'fault\'),\n        })\n\nclass StatisticsCableBreakMapVie
w(PermissionRequiredMixin, View):\n    """Map view for cable-break faults selected by the statistics page period."""\n 
   permission_required = \'netbox_otnfaults.view_otnfault\'\n\n    def get(self, request):\n        plugin_settings = g
et_plugin_settings()\n        mode_config = get_mode_config(\'statistics_cable_break\')\n\n        time_keys = [\'filte
r_type\', \'year\', \'half\', \'quarter\', \'month\', \'week\']\n        time_params = {\n            key: request.GET.
get(key)\n            for key in time_keys\n            if request.GET.get(key) not in [None, \'\']\n        }\n       
 map_data_url = reverse(\'plugins:netbox_otnfaults:statistics_cable_break_map_data\')\n        if time_params:\n       
     map_data_url = f"{map_data_url}?{urlencode(time_params)}"\n\n        is_embedded_map = request.GET.get(\'modal\') 
== \'true\'\n        start_date, end_date, _prev_start_date, _prev_end_date, filter_type = _parse_time_range(request)\n
        now = timezone.localtime()\n\n        return render(request, \'netbox_otnfaults/unified_map.html\', {\n        
    \'map_mode\': \'statistics_cable_break\',\n            \'mode_config\': mode_config,\n            \'header_info\': 
None,\n            \'layers_config\': json.dumps(mode_config.get(\'layers\', {})),\n            \'projection\': mode_co
nfig.get(\'projection\', \'mercator\'),\n            \'map_data_url\': map_data_url,\n            \'map_period_label\':
 _format_statistics_map_period_label(filter_type, start_date, end_date, now),\n            \'apikey\': plugin_settings.
get(\'map_api_key\', \'\'),\n            \'map_center\': json.dumps(plugin_settings.get(\'map_default_center\', [112.53
, 33.00])),\n            \'map_zoom\': plugin_settings.get(\'map_default_zoom\', 4.2),\n            \'use_local_basemap
\': plugin_settings.get(\'use_local_basemap\', False),\n            \'local_tiles_url\': plugin_settings.get(\'local_ti
les_url\', \'\'),\n            \'local_glyphs_url\': plugin_settings.get(\'local_glyphs_url\', \'\'),\n            \'ot
n_paths_pmtiles_url\': plugin_settings.get(\'otn_paths_pmtiles_url\', \'\'),\n            \'fault_list_url\': reverse(\
'plugins:netbox_otnfaults:otnfault_list\'),\n            \'colors_config\': json.dumps(build_fault_colors_config(), cls
=DjangoJSONEncoder),\n            \'is_picker\': False,\n            \'is_embedded_map\': request.GET.get(\'modal\') ==
 \'true\',\n            \'is_minimal_map\': is_embedded_map,\n            \'disable_3d_buildings\': True,\n            
\'debug_mode\': False,\n            \'show_debug_panel\': False,\n            \'debug_date\': \'2025-12-05 00:00:00\',\
n            **build_map_preference_context(request, \'statistics_cable_break\'),\n        })\n\n\nclass StatisticsCabl
eBreakMapDataAPI(PermissionRequiredMixin, View):\n    """Async map data for cable-break faults in the statistics page p
eriod."""\n    permission_required = \'netbox_otnfaults.view_otnfault\'\n\n    def get(self, request):\n        start_d
ate, end_date, _prev_start_date, _prev_end_date, _filter_type = _parse_time_range(request)\n        now = timezone.loca
ltime()\n        base_qs = get_cable_break_base_queryset(start_date, end_date)\n        fault_qs = (\n            base_
qs\n            .select_related(\'province\', \'interruption_location_a\', \'handling_unit\')\n            .prefetch_re
lated(\'interruption_location\', \'images\', \'impacts\', \'secondary_impacts\')\n        )\n        faults = list(faul
t_qs)\n\n        payload = build_statistics_cable_break_map_payload(faults, end_date, now)\n        return JsonResponse
({\n            \'sites_data\': get_sites_data(),\n            \'heatmap_data\': payload[\'heatmap_data\'],\n          
  \'marker_data\': payload[\'marker_data\'],\n            \'skipped_count\': payload[\'skipped_count\'],\n            \
'defaulted_count\': payload[\'defaulted_count\'],\n        })\n\n@register_model_view(OtnFault)\nclass OtnFaultView(gen
eric.ObjectView):\n    """OTN故障详情视图"""\n    queryset = OtnFault.objects.all()\n\n    def get_extra_context(self, reques
t, instance):\n        impacts = (instance.impacts.all() | instance.secondary_impacts.all()).distinct()\n        table 
= OtnFaultImpactSummaryTable(impacts, prefix=\'impact-\')\n        RequestConfig(request, paginate={\'per_page\': 25}).
configure(table)\n\n        # -- 站点历史故障 --\n        from django.db.models import Q\n\n        site_ids = set()\n       
 if instance.interruption_location_a_id:\n            site_ids.add(instance.interruption_location_a_id)\n        site_i
ds.update(\n            instance.interruption_location.values_list(\'pk\', flat=True)\n        )\n\n        if site_ids
:\n            site_faults_qs = OtnFault.objects.filter(\n                Q(interruption_location_a__in=site_ids) |\n  
              Q(interruption_location__in=site_ids)\n            ).exclude(pk=instance.pk).distinct()\n        else:\n 
           site_faults_qs = OtnFault.objects.none()\n\n        site_time_filter = request.GET.get(\'site_time_filter\',
 \'all\')\n        now = timezone.localtime()\n        if site_time_filter == \'this_week\':\n            start = (now 
- timedelta(days=now.weekday())).replace(\n                hour=0, minute=0, second=0, microsecond=0)\n            site
_faults_qs = site_faults_qs.filter(fault_occurrence_time__gte=start)\n        elif site_time_filter == \'this_month\':\
n            start = now.replace(day=1, hour=0, minute=0, second=0, microsecond=0)\n            site_faults_qs = site_f
aults_qs.filter(fault_occurrence_time__gte=start)\n        elif site_time_filter == \'this_year\':\n            start =
 now.replace(month=1, day=1, hour=0, minute=0, second=0, microsecond=0)\n            site_faults_qs = site_faults_qs.fi
lter(fault_occurrence_time__gte=start)\n        elif site_time_filter == \'last_7_days\':\n            site_faults_qs =
 site_faults_qs.filter(\n                fault_occurrence_time__gte=now - timedelta(days=7))\n        elif site_time_fi
lter == \'last_30_days\':\n            site_faults_qs = site_faults_qs.filter(\n                fault_occurrence_time__
gte=now - timedelta(days=30))\n\n        site_fault_count = site_faults_qs.count()\n        total_seconds = 0\n        
recovered_count = 0\n        for fault in site_faults_qs:\n            if fault.fault_occurrence_time and fault.fault_r
ecovery_time:\n                duration = fault.fault_recovery_time - fault.fault_occurrence_time\n                tota
l_seconds += duration.total_seconds()\n                recovered_count += 1\n        site_total_hours = round(total_sec
onds / 3600, 2)\n        site_avg_hours = round(\n            total_seconds / recovered_count / 3600, 2\n        ) if r
ecovered_count > 0 else 0\n\n        site_faults_table = SiteHistoryFaultTable(site_faults_qs, prefix=\'site-\')\n     
   for col in (\'pk\', \'id\', \'actions\', \'duty_officer\', \'progress\'):\n            if col in site_faults_table.c
olumns:\n                site_faults_table.columns.hide(col)\n        RequestConfig(request, paginate={\'per_page\': 25
}).configure(site_faults_table)\n\n        return {\n            \'impacts_table\': table,\n            \'site_faults_t
able\': site_faults_table,\n            \'site_time_filter\': site_time_filter,\n            \'site_fault_count\': site
_fault_count,\n            \'site_total_hours\': site_total_hours,\n            \'site_avg_hours\': site_avg_hours,\n  
      }\n\nclass OtnFaultEditView(generic.ObjectEditView):\n    """OTN故障编辑视图"""\n    queryset = OtnFault.objects.all()\
n    form = OtnFaultForm\n    template_name = \'netbox_otnfaults/otnfault_edit.html\'\n\n    def get(self, request, *ar
gs, **kwargs):\n        """\n        GET request handler\n            Overrides the ObjectEditView function to include 
form initialization\n            with default duty officer as current user\n\n        Args:\n            request: The c
urrent request\n        """\n        obj = self.get_object(**kwargs)\n        obj = self.alter_object(obj, request, arg
s, kwargs)\n        model = self.queryset.model\n\n        initial_data = {}\n        # 如果是创建新记录，设置默认值守人员为当前登录用户\n     
   if not obj.pk and request.user.is_authenticated:\n            initial_data[\'duty_officer\'] = request.user\n\n     
   form = self.form(instance=obj, initial=initial_data)\n\n        return render(\n            request,\n            se
lf.template_name,\n            {\n                \'model\': model,\n                \'object\': obj,\n                
\'form\': form,\n                \'return_url\': self.get_return_url(request, obj),\n                **self.get_extra_c
ontext(request, obj),\n            },\n        )\n\nclass OtnFaultDeleteView(generic.ObjectDeleteView):\n    """OTN故障删除
视图"""\n    queryset = OtnFault.objects.all()\n\nclass OtnFaultBulkDeleteView(generic.BulkDeleteView):\n    """OTN故障批量删除
视图"""\n    queryset = OtnFault.objects.all()\n    table = OtnFaultTable\n\n# 使用装饰器注册批量编辑视图\n# path=\'edit\' 告诉 NetBox 这
是批量编辑视图\n# detail=False 表示这不是针对单个对象的视图\n@register_model_view(OtnFault, \'bulk_edit\', path=\'edit\', detail=False)\ncla
ss OtnFaultBulkEditView(generic.BulkEditView):\n    """OTN故障批量编辑视图"""\n    queryset = OtnFault.objects.all()\n    filte
rset = OtnFaultFilterSet\n    table = OtnFaultTable\n    form = OtnFaultBulkEditForm\n    \n    def get_required_permis
sion(self):\n        return \'netbox_otnfaults.change_otnfault\'\n    \n    def get_object(self, **kwargs):\n        ""
"批量编辑不需要单个对象，返回 None"""\n        return None\n    \n    def get_return_url(self, request, obj=None):\n        """返回故障列表
页的 URL"""\n        from django.urls import reverse\n        return reverse(\'plugins:netbox_otnfaults:otnfault_list\')\
n\nclass OtnFaultImpactListView(ExcelFriendlyCSVExportMixin, generic.ObjectListView):\n    """故障影响业务列表视图"""\n    querys
et = OtnFaultImpact.objects.all()\n    table = OtnFaultImpactTable\n    filterset = OtnFaultImpactFilterSet\n    filter
set_form = OtnFaultImpactFilterForm\n    template_name = \'netbox_otnfaults/otnfaultimpact_list.html\'\n\nclass OtnFaul
tImpactBulkImportView(generic.BulkImportView):\n    """故障影响业务批量导入视图"""\n    queryset = OtnFaultImpact.objects.all()\n  
  model = OtnFaultImpact\n    model_form = OtnFaultImpactImportForm\n    table = OtnFaultImpactTable\n\n@register_model
_view(OtnFaultImpact)\nclass OtnFaultImpactView(generic.ObjectView):\n    """故障影响业务详情视图"""\n    queryset = OtnFaultImpa
ct.objects.all()\n\nclass OtnFaultImpactEditView(generic.ObjectEditView):\n    """故障影响业务编辑视图"""\n    queryset = OtnFaul
tImpact.objects.all()\n    form = OtnFaultImpactForm\n    template_name = \'netbox_otnfaults/otnfaultimpact_edit.html\'
\n\n    def get_extra_context(self, request, obj):\n        return super().get_extra_context(request, obj) or {}\n\n   
 def get_return_url(self, request, obj=None):\n        if obj and getattr(obj, \'pk\', None):\n            return obj.g
et_absolute_url()\n        return reverse(\'plugins:netbox_otnfaults:otnfaultimpact_list\')\n\n    def get(self, reques
t, *args, **kwargs):\n        """\n        GET request handler\n            Overrides the ObjectEditView function to in
clude form initialization\n            with data from the parent fault object\n\n        Args:\n            request: Th
e current request\n        """\n        obj = self.get_object(**kwargs)\n        obj = self.alter_object(obj, request, 
args, kwargs)\n        model = self.queryset.model\n\n        # 从URL参数获取初始数据\n        initial_data = {}\n        otn_fa
ult_id = request.GET.get(\'otn_fault\')\n        if otn_fault_id:\n            try:\n                fault = OtnFault.o
bjects.get(pk=otn_fault_id)\n                initial_data[\'otn_fault\'] = otn_fault_id\n                \n            
    # 设置时间字段的默认值\n                if fault.fault_occurrence_time:\n                    initial_data[\'service_interrupt
ion_time\'] = fault.fault_occurrence_time\n                if fault.fault_recovery_time:\n                    initial_d
ata[\'service_recovery_time\'] = fault.fault_recovery_time\n                if fault.interruption_location_a_id:\n     
               initial_data[\'service_site_a\'] = fault.interruption_location_a_id\n                z_site_ids = list(f
ault.interruption_location.values_list(\'pk\', flat=True))\n                if z_site_ids:\n                    initial
_data[\'service_site_z\'] = z_site_ids\n                    \n            except (OtnFault.DoesNotExist, ValueError):\n
                pass\n\n        form = self.form(instance=obj, initial=initial_data)\n\n        return render(\n       
     request,\n            self.template_name,\n            {\n                \'model\': model,\n                \'obj
ect\': obj,\n                \'form\': form,\n                \'return_url\': self.get_return_url(request, obj),\n     
           **(self.get_extra_context(request, obj) or {}),\n            },\n        )\n\n    def post(self, request, *a
rgs, **kwargs):\n        response = super().post(request, *args, **kwargs)\n        \n        if response.status_code =
= 302:\n            if \'_addanother\' in request.POST:\n                otn_fault_id = request.POST.get(\'otn_fault\')
\n                if otn_fault_id:\n                    location = response[\'Location\']\n                    delimite
r = \'&\' if \'?\' in location else \'?\'\n                    response[\'Location\'] = f"{location}{delimiter}otn_faul
t={otn_fault_id}"\n            else:\n                if hasattr(self, \'object\') and getattr(self.object, \'pk\', Non
e):\n                    response[\'Location\'] = self.object.get_absolute_url()\n                \n        return resp
onse\n\nclass OtnFaultImpactBulkDeleteView(generic.BulkDeleteView):\n    """故障影响业务批量删除视图"""\n    queryset = OtnFaultImp
act.objects.all()\n    table = OtnFaultImpactTable\n\n@register_model_view(OtnFaultImpact, \'bulk_edit\', path=\'edit\'
, detail=False)\nclass OtnFaultImpactBulkEditView(generic.BulkEditView):\n    """故障影响业务批量编辑视图"""\n    queryset = OtnFau
ltImpact.objects.all()\n    filterset = OtnFaultImpactFilterSet\n    table = OtnFaultImpactTable\n    form = OtnFaultIm
pactBulkEditForm\n    \n    def get_required_permission(self):\n        return \'netbox_otnfaults.change_otnfaultimpact
\'\n    \n    def get_object(self, **kwargs):\n        return None\n    \n    def get_return_url(self, request, obj=Non
e):\n        from django.urls import reverse\n        return reverse(\'plugins:netbox_otnfaults:otnfaultimpact_list\')\
n\nclass OtnFaultImpactDeleteView(generic.ObjectDeleteView):\n    """故障影响业务删除视图"""\n    queryset = OtnFaultImpact.objec
ts.all()\n\nclass OtnPathListView(ExcelFriendlyCSVExportMixin, generic.ObjectListView):\n    """光缆路径列表视图"""\n    querys
et = OtnPath.objects.all()\n    table = OtnPathTable\n    filterset = OtnPathFilterSet\n    filterset_form = OtnPathFil
terForm\n\n@register_model_view(OtnPath)\nclass OtnPathView(generic.ObjectView):\n    """光缆路径详情视图"""\n    queryset = Ot
nPath.objects.all()\n\nclass OtnPathEditView(generic.ObjectEditView):\n    """光缆路径编辑视图"""\n    queryset = OtnPath.objec
ts.all()\n    form = OtnPathForm\n\nclass OtnPathDeleteView(generic.ObjectDeleteView):\n    """光缆路径删除视图"""\n    queryse
t = OtnPath.objects.all()\n\nclass OtnPathBulkImportView(generic.BulkImportView):\n    """光缆路径批量导入视图"""\n    queryset =
 OtnPath.objects.all()\n    model = OtnPath\n    model_form = OtnPathImportForm\n    table = OtnPathTable\n\nclass OtnP
athBulkDeleteView(generic.BulkDeleteView):\n    """光缆路径批量删除视图"""\n    queryset = OtnPath.objects.all()\n    table = Otn
PathTable\n\n@register_model_view(OtnPath, \'bulk_edit\', path=\'edit\', detail=False)\nclass OtnPathBulkEditView(gener
ic.BulkEditView):\n    """光缆路径批量编辑视图 - 支持路径组的批量添加/移除"""\n    queryset = OtnPath.objects.all()\n    filterset = OtnPathF
ilterSet\n    table = OtnPathTable\n    form = OtnPathBulkEditForm\n\n    def post_save_operations(self, form, obj):\n 
       """在对象保存后处理多对多关系的批量添加/移除"""\n        # 处理添加到路径组\n        add_groups = form.cleaned_data.get(\'add_groups\')\n   
     if add_groups:\n            for group in add_groups:\n                group.paths.add(obj)\n\n        # 处理从路径组移除\n
        remove_groups = form.cleaned_data.get(\'remove_groups\')\n        if remove_groups:\n            for group in r
emove_groups:\n                group.paths.remove(obj)\n\n\n# ========== 路径组视图 ==========\n\nclass OtnPathGroupListView
(ExcelFriendlyCSVExportMixin, generic.ObjectListView):\n    """路径组列表视图"""\n    queryset = OtnPathGroup.objects.all()\n 
   table = OtnPathGroupTable\n    filterset = OtnPathGroupFilterSet\n    filterset_form = OtnPathGroupFilterForm\n\n\n@
register_model_view(OtnPathGroup)\nclass OtnPathGroupView(generic.ObjectView):\n    """路径组详情视图"""\n    queryset = OtnPa
thGroup.objects.all()\n\n    def get_extra_context(self, request, instance):\n        # 获取每页数量，默认25\n        per_page =
 request.GET.get(\'per_page\', 25)\n        try:\n            per_page = int(per_page)\n        except ValueError:\n   
         per_page = 25\n        \n        # 显示该路径组下的所有路径（只读模式，不显示操作按钮）\n        paths_table = OtnPathTable(instance.pat
hs.all())\n        # 排除复选框和操作按钮列，使表格只读\n        paths_table.columns.hide(\'pk\')\n        paths_table.columns.hide(\'ac
tions\')\n        # 配置路径分页\n        RequestConfig(request, paginate={\'per_page\': per_page}).configure(paths_table)\n\
n        # 显示该路径组下的所有站点\n        sites_table = OtnPathGroupSiteTable(instance.group_sites.all())\n        sites_table.c
olumns.hide(\'pk\') if \'pk\' in sites_table.columns else None\n        # 配置站点分页（使用独立的页码参数）\n        sites_page = reque
st.GET.get(\'sites_page\', 1)\n        try:\n            sites_page = int(sites_page)\n        except ValueError:\n    
        sites_page = 1\n        sites_table.paginate(page=sites_page, per_page=per_page)\n        \n        return {\n 
           \'paths_table\': paths_table,\n            \'sites_table\': sites_table,\n            \'per_page\': per_page
,\n        }\n\n\nclass OtnPathGroupEditView(generic.ObjectEditView):\n    """路径组编辑视图"""\n    queryset = OtnPathGroup.o
bjects.all()\n    form = OtnPathGroupForm\n\n\nclass OtnPathGroupCopyMembersView(PermissionRequiredMixin, View):\n    "
""将其他路径组的站点与路径复制到当前路径组"""\n    permission_required = \'netbox_otnfaults.change_otnpathgroup\'\n    template_name = \'ne
tbox_otnfaults/otnpathgroup_copy_members.html\'\n\n    def get_target_group(self, pk: int) -> OtnPathGroup:\n        re
turn get_object_or_404(OtnPathGroup, pk=pk)\n\n    def get(self, request: HttpRequest, pk: int) -> HttpResponse:\n     
   target_group = self.get_target_group(pk)\n        form = OtnPathGroupCopyMembersForm(target_group=target_group)\n   
     return render(request, self.template_name, {\n            \'model\': OtnPathGroup,\n            \'object\': target
_group,\n            \'form\': form,\n            \'return_url\': target_group.get_absolute_url(),\n        })\n\n    d
ef post(self, request: HttpRequest, pk: int) -> HttpResponse:\n        target_group = self.get_target_group(pk)\n      
  form = OtnPathGroupCopyMembersForm(target_group=target_group, data=request.POST)\n\n        if not form.is_valid():\n
            return render(request, self.template_name, {\n                \'model\': OtnPathGroup,\n                \'o
bject\': target_group,\n                \'form\': form,\n                \'return_url\': target_group.get_absolute_url(
),\n            })\n\n        source_group = form.cleaned_data[\'source_group\']\n        mode = form.cleaned_data[\'mo
de\']\n        copied_paths, copied_sites, skipped_paths, skipped_sites = self.copy_members(\n            source_group=
source_group,\n            target_group=target_group,\n            mode=mode,\n        )\n        messages.success(\n  
          request,\n            (\n                f\'已从“{source_group}”复制 {copied_paths} 条路径、{copied_sites} 个站点到“{targ
et_group}”。\'\n                f\' 跳过已存在路径 {skipped_paths} 条、站点 {skipped_sites} 个。\'\n            )\n        )\n       
 return redirect(target_group.get_absolute_url())\n\n    def copy_members(\n        self,\n        source_group: OtnPat
hGroup,\n        target_group: OtnPathGroup,\n        mode: str,\n    ) -> tuple[int, int, int, int]:\n        with tra
nsaction.atomic():\n            source_paths = list(source_group.paths.all())\n            existing_path_ids = set(targ
et_group.paths.values_list(\'pk\', flat=True))\n            existing_site_ids = set(\n                target_group.grou
p_sites.values_list(\'site_id\', flat=True)\n            )\n\n            if mode == \'replace\':\n                targ
et_group.paths.clear()\n                target_group.group_sites.all().delete()\n                existing_path_ids = se
t()\n                existing_site_ids = set()\n\n            target_group.paths.add(*source_group.paths.all())\n      
      copied_paths = sum(1 for path in source_paths if path.pk not in existing_path_ids)\n            skipped_paths = l
en(source_paths) - copied_paths\n            copied_sites = 0\n            skipped_sites = 0\n\n            for source_
site in source_group.group_sites.order_by(\'position\', \'pk\'):\n                if source_site.site_id in existing_si
te_ids:\n                    skipped_sites += 1\n                    continue\n\n                copied_site = OtnPathG
roupSite.objects.create(\n                    path_group=target_group,\n                    site=source_site.site,\n   
                 role=source_site.role,\n                    position=source_site.position,\n                    commen
ts=source_site.comments,\n                )\n                copied_site.tags.set(source_site.tags.all())\n            
    existing_site_ids.add(source_site.site_id)\n                copied_sites += 1\n\n        return copied_paths, copie
d_sites, skipped_paths, skipped_sites\n\n\nclass OtnPathGroupDeleteView(generic.ObjectDeleteView):\n    """路径组删除视图"""\n
    queryset = OtnPathGroup.objects.all()\n\n\nclass OtnPathGroupBulkDeleteView(generic.BulkDeleteView):\n    """路径组批量删
除视图"""\n    queryset = OtnPathGroup.objects.all()\n    table = OtnPathGroupTable\n\n\nclass OtnPathGroupSiteEditView(ge
neric.ObjectEditView):\n    """路径组站点关联编辑视图"""\n    queryset = OtnPathGroupSite.objects.all()\n    form = OtnPathGroupSi
teForm\n\n    def get_return_url(self, request, obj=None):\n        if obj and obj.pk:\n            return obj.path_gro
up.get_absolute_url()\n            \n        group_id = request.GET.get(\'path_group\')\n        if group_id:\n        
    try:\n                return OtnPathGroup.objects.get(pk=group_id).get_absolute_url()\n            except OtnPathGr
oup.DoesNotExist:\n                pass\n                \n        return reverse(\'plugins:netbox_otnfaults:otnpathgro
up_list\')\n\n    def get(self, request, *args, **kwargs):\n        obj = self.get_object(**kwargs)\n        model = se
lf.queryset.model\n\n        initial_data = {}\n        group_id = request.GET.get(\'path_group\')\n        if group_id
:\n            initial_data[\'path_group\'] = group_id\n\n        form = self.form(instance=obj, initial=initial_data)\
n\n        return render(request, self.template_name, {\n            \'model\': model,\n            \'object\': obj,\n 
           \'form\': form,\n            \'return_url\': self.get_return_url(request, obj),\n        })\n\n    def post(
self, request, *args, **kwargs):\n        response = super().post(request, *args, **kwargs)\n        \n        if respo
nse.status_code == 302:\n            if \'_addanother\' in request.POST:\n                path_group_id = request.POST.
get(\'path_group\')\n                if path_group_id:\n                    location = response[\'Location\']\n        
            delimiter = \'&\' if \'?\' in location else \'?\'\n                    response[\'Location\'] = f"{location
}{delimiter}path_group={path_group_id}"\n                    \n        return response\n\nclass OtnPathGroupSiteDeleteV
iew(generic.ObjectDeleteView):\n    """路径组站点关联删除视图"""\n    queryset = OtnPathGroupSite.objects.all()\n\n    def get_ret
urn_url(self, request, obj=None):\n        if obj and obj.pk:\n            return obj.path_group.get_absolute_url()\n  
      return reverse(\'plugins:netbox_otnfaults:otnpathgroup_list\')\n\n\nclass LocationMapView(PermissionRequiredMixin
, View):\n    """位置地图视图 - 接受 ?q=lat,lng 参数在地图上显示指定位置\n    \n    用于替代外部地图链接（如 Apple Maps），在系统内部展示站点、故障等位置。\n    支持网络版底图和
本地底图两种模式。\n    """\n    permission_required = \'netbox_otnfaults.view_otnfault\'\n\n    def get(self, request):\n      
  # 解析 ?q=lat,lng 参数\n        q = request.GET.get(\'q\', \'\')\n        target_lat, target_lng = self._parse_coordinate
s(q)\n        \n        # 解析 picker 参数\n        is_picker = request.GET.get(\'picker\') == \'true\'\n        a_site_id 
= request.GET.get(\'a_site\', \'\')\n        z_sites_param = request.GET.get(\'z_sites\', \'\')\n        location_site_
ids = []\n        a_site_pk = None\n\n        try:\n            if a_site_id:\n                a_site_pk = int(a_site_i
d)\n                location_site_ids.append(a_site_pk)\n            if z_sites_param:\n                for sid in z_si
tes_param.split(\',\'):\n                    if sid.strip():\n                        location_site_ids.append(int(sid.
strip()))\n        except ValueError:\n            location_site_ids = []\n            a_site_pk = None\n        \n    
    if target_lat is None and target_lng is None:\n            fault_id = request.GET.get(\'fault\', \'\')\n           
 if fault_id:\n                try:\n                    fault = (\n                        OtnFault.objects.select_rel
ated(\'interruption_location_a\')\n                        .prefetch_related(\'interruption_location\')\n              
          .get(pk=int(fault_id))\n                    )\n                    resolved = resolve_fault_coordinates(fault
)\n                    if resolved is not None:\n                        target_lat = resolved.lat\n                   
     target_lng = resolved.lng\n                except (OtnFault.DoesNotExist, ValueError):\n                    pass\n
\n        if target_lat is None and target_lng is None:\n            # 如果没有指定 q 坐标，尝试根据 A/Z 站点计算中心\n            if loca
tion_site_ids:\n                sites = Site.objects.filter(\n                    id__in=location_site_ids,\n          
          latitude__isnull=False,\n                    longitude__isnull=False,\n                )\n                if 
sites.exists():\n                    lngs = [float(s.longitude) for s in sites]\n                    lats = [float(s.la
titude) for s in sites]\n                    target_lng = sum(lngs) / len(lngs)\n                    target_lat = sum(l
ats) / len(lats)\n        \n        # 解析 ?path_id=xxx 参数（用于单条路径高亮显示）\n        path_id = request.GET.get(\'path_id\', \'
\')\n        highlight_path_data = None\n        path_name = None\n        \n        if path_id:\n            try:\n   
             path = OtnPath.objects.get(pk=int(path_id))\n                path_name = path.name\n                if pat
h.geometry:\n                    # 检查 geometry 是纯坐标数组还是 GeoJSON 对象\n                    geom = path.geometry\n         
           if isinstance(geom, list):\n                        # 纯坐标数组格式，转换为 GeoJSON\n                        coords = 
geom\n                        geometry_obj = {\n                            \'type\': \'LineString\',\n                
            \'coordinates\': coords\n                        }\n                    else:\n                        # Ge
oJSON 格式\n                        geometry_obj = geom\n                        coords = geom.get(\'coordinates\', [])\n
                    \n                    # 构建 GeoJSON Feature\n                    highlight_path_data = {\n          
              \'type\': \'Feature\',\n                        \'properties\': {\n                            \'id\': pa
th.pk,\n                            \'name\': path.name,\n                            \'url\': path.get_absolute_url()\
n                        },\n                        \'geometry\': geometry_obj\n                    }\n               
     # 计算路径中心用于自动缩放\n                    if coords:\n                        lngs = [c[0] for c in coords]\n           
             lats = [c[1] for c in coords]\n                        center_lng = sum(lngs) / len(lngs)\n               
         center_lat = sum(lats) / len(lats)\n                        target_lat, target_lng = center_lat, center_lng\n 
           except (OtnPath.DoesNotExist, ValueError):\n                pass\n        \n        # 解析 ?path_group_id=xxx 
参数（用于路径组下所有路径高亮显示）\n        path_group_id = request.GET.get(\'path_group_id\', \'\')\n        highlight_paths_data = No
ne\n        highlight_sites_data = []\n        path_group_name = None\n        \n        if path_group_id:\n           
 try:\n                path_group = OtnPathGroup.objects.get(pk=int(path_group_id))\n                path_group_name = 
path_group.name\n                # 优化查询：只获取必要的 geometry 字段，避免加载过多无关字段\n                # 注意：geometry 是必须的，但我们可以尝试优化查询方式
\n                paths_with_geom = path_group.paths.exclude(geometry__isnull=True).exclude(geometry=[])\n             
   \n                if paths_with_geom.exists():\n                    features = []\n                    all_lngs = []
\n                    all_lats = []\n                    \n                    for path in paths_with_geom:\n          
              geom = path.geometry\n                        if isinstance(geom, list):\n                            coo
rds = geom\n                            geometry_obj = {\'type\': \'LineString\', \'coordinates\': coords}\n           
             else:\n                            geometry_obj = geom\n                            coords = geom.get(\'co
ordinates\', [])\n                        \n                        features.append({\n                            \'ty
pe\': \'Feature\',\n                            \'properties\': {\n                                \'id\': path.pk,\n  
                              \'name\': path.name,\n                                \'url\': path.get_absolute_url()\n 
                           },\n                            \'geometry\': geometry_obj\n                        })\n    
                    \n                        # 收集所有坐标用于计算边界\n                        for c in coords:\n               
             all_lngs.append(c[0])\n                            all_lats.append(c[1])\n                    \n          
          highlight_paths_data = {\n                        \'type\': \'FeatureCollection\',\n                        \
'features\': features\n                    }\n                    \n                    # 计算所有路径的中心\n                  
  if all_lngs and all_lats:\n                        center_lng = (min(all_lngs) + max(all_lngs)) / 2\n                
        center_lat = (min(all_lats) + max(all_lats)) / 2\n                        target_lat, target_lng = center_lat, 
center_lng\n                    \n                    path_name = f"路径组: {path_group_name} ({len(features)} 条路径)"\n    
                # 使用 FeatureCollection 作为高亮数据\n                    highlight_path_data = highlight_paths_data\n        
        \n                # 获取路径组包含的站点及其角色颜色\n                group_sites = path_group.group_sites.select_related(\'sit
e\').all()\n                highlight_sites_data = []\n                for gs in group_sites:\n                    if g
s.site.latitude and gs.site.longitude:\n                        role_color = gs.get_role_color() or \'gray\'\n         
               hex_color = get_hex_color(role_color)\n                        highlight_sites_data.append({\n          
                  \'id\': gs.site.pk,\n                            \'name\': gs.site.name,\n                           
 \'lat\': float(gs.site.latitude),\n                            \'lng\': float(gs.site.longitude),\n                   
         \'role\': gs.role,\n                            \'role_display\': gs.get_role_display(),\n                    
        \'color\': hex_color,\n                            \'url\': gs.site.get_absolute_url(),\n                      
      \'position\': gs.position  # 用于弧形线排序\n                        })\n            except (OtnPathGroup.DoesNotExist, 
ValueError):\n                pass\n\n        if not path_id and not path_group_id and location_site_ids:\n            
sites = Site.objects.filter(\n                id__in=location_site_ids,\n                latitude__isnull=False,\n     
           longitude__isnull=False,\n            )\n            for site in sites:\n                role_display = \'A端
\' if site.pk == a_site_pk else \'Z端\'\n                highlight_sites_data.append({\n                    \'id\': site
.pk,\n                    \'name\': site.name,\n                    \'lat\': float(site.latitude),\n                   
 \'lng\': float(site.longitude),\n                    \'role\': \'fault_a\' if site.pk == a_site_pk else \'fault_z\',\n
                    \'role_display\': role_display,\n                    \'color\': \'#dc3545\' if site.pk == a_site_pk
 else \'#0d6efd\',\n                    \'url\': site.get_absolute_url(),\n                })\n        \n        # 获取插件
配置\n        plugin_settings = get_plugin_settings()\n        \n        # 确定地图中心和缩放级别\n        if target_lat is not None
 and target_lng is not None:\n            map_center = [target_lng, target_lat]\n            map_zoom = 10 if highlight
_path_data else 12  # 路径使用较小缩放\n        else:\n            map_center = plugin_settings.get(\'map_default_center\', [11
2.53, 33.00])\n            map_zoom = plugin_settings.get(\'map_default_zoom\', 4.2)\n        \n        # 根据参数确定子模式\n  
      if path_group_id:\n            map_mode = \'pathgroup\'\n        elif path_id:\n            map_mode = \'path\'\n
        else:\n            map_mode = \'location\'\n        \n        # 获取模式配置\n        mode_context = {\n            \
'path_name\': path_name,\n            \'group_name\': path_group_name,\n            \'path_count\': len(highlight_paths
_data.get(\'features\', [])) if highlight_paths_data else 0\n        }\n        mode_config = get_mode_config(map_mode,
 mode_context)\n        \n        # 确定 header_info 和返回链接\n        header_info = mode_config.get(\'header_info\')\n     
   return_url = None\n        return_label = None\n\n        if map_mode == \'path\' and path_name:\n            header
_info = path_name\n            # 构建返回链接\n            if path_id:\n                try:\n                    p = OtnPath
.objects.get(pk=int(path_id))\n                    return_url = p.get_absolute_url()\n                    return_label 
= "返回路径详情"\n                except:\n                    pass\n        elif map_mode == \'pathgroup\' and path_group_na
me:\n            header_info = f"路径组: {path_group_name} ({len(highlight_paths_data.get(\'features\', []))} 条路径)" if hig
hlight_paths_data else None\n             # 构建返回链接\n            if path_group_id:\n                try:\n              
      pg = OtnPathGroup.objects.get(pk=int(path_group_id))\n                    return_url = pg.get_absolute_url()\n   
                 return_label = "返回路径组详情"\n                except:\n                    pass\n        \n        # 构建地图数
据 API URL\n        map_data_url = self._build_map_data_url(request, map_mode, path_id, path_group_id)\n        \n      
  return render(request, \'netbox_otnfaults/unified_map.html\', {\n            # 模式配置\n            \'map_mode\': map_mo
de,\n            \'mode_config\': mode_config,\n            \'header_info\': header_info,\n            \'return_url\': 
return_url,\n            \'return_label\': return_label,\n            \'layers_config\': json.dumps(mode_config.get(\'l
ayers\', {})),\n            \'projection\': mode_config.get(\'projection\', \'mercator\'),\n            \n            #
 共享数据 - 通过 API 动态加载\n            \'map_data_url\': map_data_url,\n            \'apikey\': plugin_settings.get(\'map_api
_key\', \'\'),\n            \'map_center\': json.dumps(map_center),\n            \'map_zoom\': map_zoom,\n            \
'use_local_basemap\': plugin_settings.get(\'use_local_basemap\', False),\n            \'local_tiles_url\': plugin_setti
ngs.get(\'local_tiles_url\', \'\'),\n            \'local_glyphs_url\': plugin_settings.get(\'local_glyphs_url\', \'\'),
\n            \'otn_paths_pmtiles_url\': plugin_settings.get(\'otn_paths_pmtiles_url\', \'\'),\n            \n         
   # 位置/路径模式特定数据\n            \'is_picker\': is_picker,\n            \'is_minimal_map\': is_picker,\n            \'targ
et_lat\': target_lat,\n            \'target_lng\': target_lng,\n            \'highlight_path_data\': json.dumps(highlig
ht_path_data, cls=DjangoJSONEncoder) if highlight_path_data else \'null\',\n            \'highlight_sites_data\': json.
dumps(highlight_sites_data, cls=DjangoJSONEncoder) if highlight_sites_data else \'[]\',\n            \'path_name\': pat
h_name,\n            \n            # 路径组模式特定数据 (用于空间选择控件)\n            \'path_group_id\': path_group_id if path_group_i
d else \'\',\n            \'path_group_name\': path_group_name if path_group_name else \'\',\n            **build_map_p
reference_context(request, map_mode),\n        })\n\n    def _parse_coordinates(self, q_param):\n        """解析坐标参数 (格式:
 lat,lng)\n        \n        Args:\n            q_param: 查询参数字符串，如 "26.461652,106.980645"\n            \n        Return
s:\n            (lat, lng) 元组，解析失败则返回 (None, None)\n        """\n        if not q_param:\n            return None, None
\n        \n        try:\n            parts = q_param.split(\',\')\n            if len(parts) >= 2:\n                la
t = float(parts[0].strip())\n                lng = float(parts[1].strip())\n                # 验证坐标范围\n                i
f -90 <= lat <= 90 and -180 <= lng <= 180:\n                    return lat, lng\n        except (ValueError, IndexError
):\n            pass\n        \n        return None, None\n    \n    def _build_map_data_url(self, request, mode, path_
id=None, path_group_id=None):\n        """构建地图数据 API URL\n        \n        Args:\n            request: Django request 
对象\n            mode: 地图模式 (\'path\', \'pathgroup\', \'location\')\n            path_id: 路径 ID (可选)\n            path_g
roup_id: 路径组 ID (可选)\n            \n        Returns:\n            str: 完整的 API URL 带查询参数\n        """\n        from url
lib.parse import urlencode\n        \n        base_url = reverse(\'plugins:netbox_otnfaults:otnfault_map_data\')\n     
   params = {\'mode\': mode}\n        \n        if path_id:\n            params[\'path_id\'] = path_id\n        if path
_group_id:\n            params[\'path_group_id\'] = path_group_id\n        \n        return f"{base_url}?{urlencode(par
ams)}"\n\nclass RouteEditorView(PermissionRequiredMixin, View):\n    """OTN线路设计器视图"""\n    permission_required = \'netb
ox_otnfaults.view_otnpath\'\n\n    def get(self, request):\n        plugin_settings = get_plugin_settings()\n        mo
de_config = get_mode_config(\'route_editor\')\n        \n        return render(request, \'netbox_otnfaults/unified_map.
html\', {\n            # 模式配置\n            \'map_mode\': \'route_editor\',\n            \'mode_config\': mode_config,\n
            \'header_info\': \'OTN线路设计器\',\n            \'layers_config\': json.dumps(mode_config.get(\'layers\', {})),
\n            \'projection\': mode_config.get(\'projection\', \'mercator\'),\n            \n            # 基础配置\n       
     \'apikey\': plugin_settings.get(\'map_api_key\', \'\'),\n            \'map_center\': json.dumps(plugin_settings.ge
t(\'map_default_center\', [112.53, 33.00])),\n            \'map_zoom\': plugin_settings.get(\'map_default_zoom\', 4.2),
\n            \'use_local_basemap\': plugin_settings.get(\'use_local_basemap\', False),\n            \'local_tiles_url\
': plugin_settings.get(\'local_tiles_url\', \'\'),\n            \'local_glyphs_url\': plugin_settings.get(\'local_glyph
s_url\', \'\'),\n            \'otn_paths_pmtiles_url\': plugin_settings.get(\'otn_paths_pmtiles_url\', \'\'),\n        
    \n            # 数据 API\n            \'map_data_url\': reverse(\'plugins:netbox_otnfaults:otnfault_map_data\') + \'?
mode=route_editor\',\n            **build_map_preference_context(request, \'route_editor\'),\n        })\n\n\n# =======
=== 裸纤业务视图 ==========\n\nclass BareFiberServiceListView(ExcelFriendlyCSVExportMixin, generic.ObjectListView):\n    """裸
纤业务列表视图"""\n    queryset = BareFiberService.objects.all()\n    table = BareFiberServiceTable\n    filterset = BareFiber
ServiceFilterSet\n    filterset_form = BareFiberServiceFilterForm\n\n@register_model_view(BareFiberService)\nclass Bare
FiberServiceView(generic.ObjectView):\n    """裸纤业务详情视图"""\n    queryset = BareFiberService.objects.all()\n\n    def get
_extra_context(self, request, instance):\n        # 获取每页数量，默认25\n        per_page = request.GET.get(\'per_page\', 25)\n
        try:\n            per_page = int(per_page)\n        except ValueError:\n            per_page = 25\n\n        # 
时间过滤\n        time_filter = request.GET.get(\'time_filter\', \'all\')\n        now = timezone.localtime()\n        qs =
 instance.fault_impacts.all()\n        \n        if time_filter == \'this_week\':\n            # 本周一 00:00:00\n        
    start_of_week = (now - timedelta(days=now.weekday())).replace(hour=0, minute=0, second=0, microsecond=0)\n         
   qs = qs.filter(service_interruption_time__gte=start_of_week)\n        elif time_filter == \'this_month\':\n         
   # 本月1日 00:00:00\n            start_of_month = now.replace(day=1, hour=0, minute=0, second=0, microsecond=0)\n       
     qs = qs.filter(service_interruption_time__gte=start_of_month)\n        elif time_filter == \'this_year\':\n       
     # 本年1月1日 00:00:00\n            start_of_year = now.replace(month=1, day=1, hour=0, minute=0, second=0, microsecond
=0)\n            qs = qs.filter(service_interruption_time__gte=start_of_year)\n        elif time_filter == \'last_7_day
s\':\n            qs = qs.filter(service_interruption_time__gte=now - timedelta(days=7))\n        elif time_filter == \
'last_30_days\':\n            qs = qs.filter(service_interruption_time__gte=now - timedelta(days=30))\n\n        # 统计数据
\n        fault_count = qs.count()\n        total_seconds = 0\n        recovered_count = 0\n        \n        for impac
t in qs:\n            if impact.service_interruption_time and impact.service_recovery_time:\n                duration =
 impact.service_recovery_time - impact.service_interruption_time\n                total_seconds += duration.total_secon
ds()\n                recovered_count += 1\n                \n        total_duration_hours = total_seconds / 3600\n    
    avg_duration_hours = (total_seconds / recovered_count / 3600) if recovered_count > 0 else 0\n\n        # 本月SLA统计\n 
       import calendar\n        start_of_month = now.replace(day=1, hour=0, minute=0, second=0, microsecond=0)\n       
 _, last_day = calendar.monthrange(now.year, now.month)\n        end_of_month = now.replace(day=last_day, hour=23, minu
te=59, second=59, microsecond=999999)\n        \n        # 计算本月总秒数\n        month_total_seconds = (end_of_month - start
_of_month).total_seconds()\n        \n        # 获取本月内的所有影响记录\n        month_qs = instance.fault_impacts.filter(\n      
      service_interruption_time__lt=end_of_month,\n            service_recovery_time__gt=start_of_month\n        )\n   
     \n        month_fault_seconds = 0\n        for impact in month_qs:\n            if impact.service_interruption_tim
e and impact.service_recovery_time:\n                # 只计算在本月内的时长重叠部分\n                overlap_start = max(impact.servi
ce_interruption_time, start_of_month)\n                overlap_end = min(impact.service_recovery_time, end_of_month)\n 
               if overlap_end > overlap_start:\n                    month_fault_seconds += (overlap_end - overlap_start
).total_seconds()\n        \n        sla_this_month = ((month_total_seconds - month_fault_seconds) / month_total_second
s * 100) if month_total_seconds > 0 else 100\n        sla_this_month = max(0, min(100, sla_this_month)) # 限制在0-100之间\n\
n        # 显示该裸纤业务关联的所有故障影响业务记录\n        fault_impacts_table = OtnFaultImpactDetailTable(qs)\n        # 排除复选框和操作按钮列，使表格
只读\n        if \'pk\' in fault_impacts_table.columns:\n            fault_impacts_table.columns.hide(\'pk\')\n        if
 \'actions\' in fault_impacts_table.columns:\n            fault_impacts_table.columns.hide(\'actions\')\n            \n
        # 配置分页（使用独立的页码参数 `fault_impacts_page` 或默认 `page`）\n        page = request.GET.get(\'page\', 1)\n        try:\n 
           page = int(page)\n        except ValueError:\n            page = 1\n            \n        fault_impacts_tabl
e.paginate(page=page, per_page=per_page)\n        \n        return {\n            \'fault_impacts_table\': fault_impact
s_table,\n            \'per_page\': per_page,\n            \'time_filter\': time_filter,\n            \'fault_count\': 
fault_count,\n            \'total_duration_hours\': round(total_duration_hours, 2),\n            \'avg_duration_hours\'
: round(avg_duration_hours, 2),\n            \'sla_this_month\': truncate_sla(sla_this_month),\n        }\n\nclass Bare
FiberServiceEditView(generic.ObjectEditView):\n    """裸纤业务编辑视图"""\n    queryset = BareFiberService.objects.all()\n    f
orm = BareFiberServiceForm\n    template_name = \'netbox_otnfaults/barefiberservice_edit.html\'\n\nclass BareFiberServi
ceDeleteView(generic.ObjectDeleteView):\n    """裸纤业务删除视图"""\n    queryset = BareFiberService.objects.all()\n\nclass Bar
eFiberServiceBulkImportView(generic.BulkImportView):\n    """裸纤业务批量导入视图"""\n    queryset = BareFiberService.objects.all
()\n    model = BareFiberService\n    model_form = BareFiberServiceImportForm\n    table = BareFiberServiceTable\n\ncla
ss BareFiberServiceBulkDeleteView(generic.BulkDeleteView):\n    """裸纤业务批量删除视图"""\n    queryset = BareFiberService.objec
ts.all()\n    table = BareFiberServiceTable\n\n@register_model_view(BareFiberService, \'bulk_edit\', path=\'edit\', det
ail=False)\nclass BareFiberServiceBulkEditView(generic.BulkEditView):\n    """裸纤业务批量编辑视图"""\n    queryset = BareFiberSe
rvice.objects.all()\n    filterset = BareFiberServiceFilterSet\n    table = BareFiberServiceTable\n    form = BareFiber
ServiceBulkEditForm\n\n\n# ========== 割接管理视图 ==========\n\nclass CutoverTaskListView(ExcelFriendlyCSVExportMixin, gener
ic.ObjectListView):\n    """割接管理列表视图"""\n    queryset = CutoverTask.objects.all()\n    table = CutoverTaskTable\n    fi
lterset = CutoverTaskFilterSet\n    filterset_form = CutoverTaskFilterForm\n\n\nclass CutoverTaskBulkImportView(generic
.BulkImportView):\n    """割接管理批量导入视图"""\n    queryset = CutoverTask.objects.all()\n    model = CutoverTask\n    model_f
orm = CutoverTaskImportForm\n    table = CutoverTaskTable\n\n\n@register_model_view(CutoverTask)\nclass CutoverTaskView
(generic.ObjectView):\n    """割接管理详情视图"""\n    queryset = CutoverTask.objects.all()\n\n    def get_extra_context(self, 
request, instance):\n        # 查询影响业务\n        all_impacts = instance.impacts.all().distinct()\n\n        impacts_table
 = CutoverImpactSummaryTable(all_impacts, prefix=\'impact-\')\n        per_page = int(request.GET.get(\'impact-per_page
\', request.GET.get(\'impact_per_page\', 25)))\n        RequestConfig(request, paginate={\'per_page\': per_page}).confi
gure(impacts_table)\n\n        return {\n            \'impacts_table\': impacts_table,\n            \'impacts_count\': 
all_impacts.count(),\n            \'generated_fault\': instance.generated_faults.order_by(\'-created\').first(),\n     
       \'bare_fiber_services\': [\n                {\n                    \'id\': service.pk,\n                    \'te
nant_group\': service.tenant_group.name if service.tenant_group else \'\',\n                    \'name\': service.name,
\n                }\n                for service in BareFiberService.objects.select_related(\'tenant_group\').order_by(
\'tenant_group__name\', \'name\')\n            ],\n        }\n\n\nclass CutoverTaskRelatedCustomersView(PermissionRequi
redMixin, View):\n    """Maintain related customers and coordination data from the task detail page."""\n    permission
_required = \'netbox_otnfaults.change_cutovertask\'\n\n    def post(self, request: HttpRequest, pk: int) -> HttpRespons
e:\n        task = get_object_or_404(CutoverTask, pk=pk)\n        try:\n            related_customers = json.loads(requ
est.POST.get(\'related_customers\', \'[]\'))\n        except json.JSONDecodeError:\n            messages.error(request,
 \'关联用户数据格式无效。\')\n            return redirect(task.get_absolute_url())\n\n        if not isinstance(related_customers,
 list):\n            messages.error(request, \'关联用户数据必须是数组。\')\n            return redirect(task.get_absolute_url())\n\
n        task.related_customers = related_customers\n        task.save(update_fields=[\'related_customers\', \'last_upd
ated\'])\n        messages.success(request, \'已保存关联用户协调维护信息。\')\n        return redirect(task.get_absolute_url())\n\n\n
class CutoverTaskGeneratePlannedTimeView(PermissionRequiredMixin, View):\n    """Add the current planned cutover time t
o the task history from detail page."""\n    permission_required = \'netbox_otnfaults.change_cutovertask\'\n\n    def p
ost(self, request: HttpRequest, pk: int) -> HttpResponse:\n        task = get_object_or_404(CutoverTask, pk=pk)\n      
  raw_time = request.POST.get(\'planned_cutover_time\', \'\').strip()\n        parsed_time = parse_datetime(raw_time)\n
        if not raw_time or parsed_time is None:\n            messages.error(request, \'请先输入有效的新割接时间。\')\n            re
turn redirect(task.get_absolute_url())\n\n        if timezone.is_naive(parsed_time):\n            parsed_time = timezon
e.make_aware(parsed_time, timezone.get_current_timezone())\n        task.planned_cutover_time = parsed_time\n        ne
w_time = timezone.localtime(parsed_time).strftime(\'%Y-%m-%d %H:%M:%S\')\n        task._normalize_json_list_fields()\n\
n        if not task.planned_cutover_times or task.planned_cutover_times[-1] != new_time:\n            task.planned_cut
over_times.append(new_time)\n            for customer in task.related_customers:\n                if isinstance(custome
r, dict):\n                    customer[\'is_coordinated\'] = False\n                    customer[\'time\'] = \'\'\n   
                 customer[\'coordination_time\'] = \'\'\n            task.save(update_fields=[\'planned_cutover_time\',
 \'planned_cutover_times\', \'related_customers\', \'last_updated\'])\n            messages.success(request, \'已生成新的割接时
间，并重置关联用户协调状态。\')\n        else:\n            messages.info(request, \'当前主计划时间已经是最新时间记录。\')\n\n        return redirect(
task.get_absolute_url())\n\n\nclass CutoverTaskGenerateFaultView(PermissionRequiredMixin, View):\n    """Preview and cr
eate an OTN fault from one cutover task."""\n    permission_required = \'netbox_otnfaults.add_otnfault\'\n    template_
name = \'netbox_otnfaults/cutovertask_generate_fault.html\'\n\n    def _context(\n        self,\n        cutover: Cutov
erTask,\n        form: CutoverFaultGenerationForm,\n    ) -> dict[str, Any]:\n        return {\n            \'object\':
 cutover,\n            \'form\': form,\n            \'existing_fault\': cutover.generated_faults.order_by(\'-created\')
.first(),\n            \'impacts\': cutover.impacts.all(),\n        }\n\n    def get(self, request: HttpRequest, pk: in
t) -> HttpResponse:\n        cutover = get_object_or_404(\n            CutoverTask.objects.prefetch_related(\n         
       \'generated_faults\',\n                \'impacts\',\n                \'impacts__service_site_z\',\n             
   \'interruption_location\',\n            ),\n            pk=pk,\n        )\n        form = CutoverFaultGenerationForm
(\n            initial=build_fault_initial_data(cutover, request.user)\n        )\n        return render(request, self.
template_name, self._context(cutover, form))\n\n    def post(self, request: HttpRequest, pk: int) -> HttpResponse:\n   
     cutover = get_object_or_404(\n            CutoverTask.objects.prefetch_related(\n                \'generated_fault
s\',\n                \'impacts\',\n                \'impacts__service_site_z\',\n                \'interruption_locati
on\',\n            ),\n            pk=pk,\n        )\n        existing_fault = cutover.generated_faults.order_by(\'-cre
ated\').first()\n        if existing_fault:\n            messages.error(request, \'当前割接已经生成过故障。\')\n            return 
redirect(existing_fault.get_absolute_url())\n\n        form = CutoverFaultGenerationForm(request.POST)\n        if not 
form.is_valid():\n            return render(request, self.template_name, self._context(cutover, form))\n\n        initi
al_data = build_fault_initial_data(cutover, request.user)\n        fault_data = {\n            **initial_data,\n       
     **form.cleaned_data,\n        }\n        try:\n            fault = create_fault_from_cutover(\n                cut
over=cutover,\n                fault_data=fault_data,\n                user=request.user,\n            )\n        excep
t ValueError as exc:\n            messages.error(request, str(exc))\n            return redirect(cutover.get_absolute_u
rl())\n\n        messages.success(request, f\'已从割接 {cutover.cutover_no} 生成故障 {fault.fault_number}。\')\n        return r
edirect(fault.get_absolute_url())\n\n\nclass CutoverTaskEditView(generic.ObjectEditView):\n    """割接管理编辑视图"""\n    quer
yset = CutoverTask.objects.all()\n    form = CutoverTaskForm\n    template_name = \'netbox_otnfaults/cutovertask_edit.h
tml\'\n\n    def get_extra_context(self, request, instance):\n        bare_fiber_services = [\n            {\n         
       \'id\': service.pk,\n                \'tenant_group\': service.tenant_group.name if service.tenant_group else \'
\',\n                \'name\': service.name,\n            }\n            for service in BareFiberService.objects.select
_related(\'tenant_group\').order_by(\'tenant_group__name\', \'name\')\n        ]\n        return {\n            \'bare_
fiber_services\': bare_fiber_services,\n        }\n\n    def alter_object(self, obj, request, args, kwargs):\n        i
f not obj.pk and not getattr(obj, \'registrant_id\', None):\n            obj.registrant = request.user\n        return 
super().alter_object(obj, request, args, kwargs) if hasattr(super(), \'alter_object\') else obj\n\n\nclass CutoverTaskD
eleteView(generic.ObjectDeleteView):\n    """割接管理删除视图"""\n    queryset = CutoverTask.objects.all()\n\n\nclass CutoverTa
skBulkDeleteView(generic.BulkDeleteView):\n    """割接管理批量删除视图"""\n    queryset = CutoverTask.objects.all()\n    table = 
CutoverTaskTable\n\n\n@register_model_view(CutoverTask, \'bulk_edit\', path=\'edit\', detail=False)\nclass CutoverTaskB
ulkEditView(generic.BulkEditView):\n    """割接管理批量编辑视图"""\n    queryset = CutoverTask.objects.all()\n    filterset = Cut
overTaskFilterSet\n    table = CutoverTaskTable\n    form = CutoverTaskBulkEditForm\n\n\n# ========== 割接影响业务视图 ========
==\n\nclass CutoverImpactListView(ExcelFriendlyCSVExportMixin, generic.ObjectListView):\n    """割接影响业务列表视图"""\n    quer
yset = CutoverImpact.objects.all()\n    table = CutoverImpactTable\n    filterset = CutoverImpactFilterSet\n    filters
et_form = CutoverImpactFilterForm\n\n\nclass CutoverImpactBulkImportView(generic.BulkImportView):\n    """割接影响业务批量导入视图"
""\n    queryset = CutoverImpact.objects.all()\n    model = CutoverImpact\n    model_form = CutoverImpactImportForm\n  
  table = CutoverImpactTable\n\n\n@register_model_view(CutoverImpact)\nclass CutoverImpactView(generic.ObjectView):\n  
  """割接影响业务详情视图"""\n    queryset = CutoverImpact.objects.all()\n\n\nclass CutoverImpactEditView(generic.ObjectEditView)
:\n    """割接影响业务编辑视图"""\n    queryset = CutoverImpact.objects.all()\n    form = CutoverImpactForm\n    template_name = 
\'netbox_otnfaults/cutoverimpact_edit.html\'\n\n    def get_extra_context(self, request, instance):\n        bare_fiber
_services = [\n            {\n                \'id\': service.pk,\n                \'tenant_group\': service.tenant_gro
up.name if service.tenant_group else \'\',\n                \'name\': service.name,\n            }\n            for ser
vice in BareFiberService.objects.select_related(\'tenant_group\').order_by(\'tenant_group__name\', \'name\')\n        ]
\n        return {\n            \'bare_fiber_services\': bare_fiber_services,\n        }\n\n    def alter_object(self, 
obj, request, args, kwargs):\n        if not obj.pk:\n            cutover_task_id = request.GET.get(\'cutover_task\')\n
            if cutover_task_id:\n                obj.cutover_task_id = cutover_task_id\n        return super().alter_ob
ject(obj, request, args, kwargs) if hasattr(super(), \'alter_object\') else obj\n\n\nclass CutoverImpactDeleteView(gene
ric.ObjectDeleteView):\n    """割接影响业务删除视图"""\n    queryset = CutoverImpact.objects.all()\n\n\nclass CutoverImpactBulkDe
leteView(generic.BulkDeleteView):\n    """割接影响业务批量删除视图"""\n    queryset = CutoverImpact.objects.all()\n    table = Cuto
verImpactTable\n\n\n@register_model_view(CutoverImpact, \'bulk_edit\', path=\'edit\', detail=False)\nclass CutoverImpac
tBulkEditView(generic.BulkEditView):\n    """割接影响业务批量编辑视图"""\n    queryset = CutoverImpact.objects.all()\n    filterset
 = CutoverImpactFilterSet\n    table = CutoverImpactTable\n    form = CutoverImpactBulkEditForm\n\n\n# ========== 电路业务视
图 ==========\n\nclass CircuitServiceListView(ExcelFriendlyCSVExportMixin, generic.ObjectListView):\n    """电路业务列表视图"""\
n    queryset = CircuitService.objects.all()\n    table = CircuitServiceTable\n    filterset = CircuitServiceFilterSet\
n    filterset_form = CircuitServiceFilterForm\n\n@register_model_view(CircuitService)\nclass CircuitServiceView(generi
c.ObjectView):\n    """电路业务详情视图"""\n    queryset = CircuitService.objects.all()\n\n    def get_extra_context(self, requ
est, instance):\n        # 获取每页数量，默认25\n        per_page = request.GET.get(\'per_page\', 25)\n        try:\n           
 per_page = int(per_page)\n        except ValueError:\n            per_page = 25\n\n        # 时间过滤\n        time_filter
 = request.GET.get(\'time_filter\', \'all\')\n        now = timezone.localtime()\n        qs = instance.fault_impacts.a
ll()\n        \n        if time_filter == \'this_week\':\n            # 本周一 00:00:00\n            start_of_week = (now 
- timedelta(days=now.weekday())).replace(hour=0, minute=0, second=0, microsecond=0)\n            qs = qs.filter(service
_interruption_time__gte=start_of_week)\n        elif time_filter == \'this_month\':\n            # 本月1日 00:00:00\n     
       start_of_month = now.replace(day=1, hour=0, minute=0, second=0, microsecond=0)\n            qs = qs.filter(servi
ce_interruption_time__gte=start_of_month)\n        elif time_filter == \'this_year\':\n            # 本年1月1日 00:00:00\n 
           start_of_year = now.replace(month=1, day=1, hour=0, minute=0, second=0, microsecond=0)\n            qs = qs.
filter(service_interruption_time__gte=start_of_year)\n        elif time_filter == \'last_7_days\':\n            qs = qs
.filter(service_interruption_time__gte=now - timedelta(days=7))\n        elif time_filter == \'last_30_days\':\n       
     qs = qs.filter(service_interruption_time__gte=now - timedelta(days=30))\n\n        # 统计数据\n        fault_count = q
s.count()\n        total_seconds = 0\n        recovered_count = 0\n        \n        for impact in qs:\n            if 
impact.service_interruption_time and impact.service_recovery_time:\n                duration = impact.service_recovery_
time - impact.service_interruption_time\n                total_seconds += duration.total_seconds()\n                rec
overed_count += 1\n                \n        total_duration_hours = total_seconds / 3600\n        avg_duration_hours = 
(total_seconds / recovered_count / 3600) if recovered_count > 0 else 0\n\n        # 本月SLA统计\n        import calendar\n 
       start_of_month = now.replace(day=1, hour=0, minute=0, second=0, microsecond=0)\n        _, last_day = calendar.m
onthrange(now.year, now.month)\n        end_of_month = now.replace(day=last_day, hour=23, minute=59, second=59, microse
cond=999999)\n        \n        # 计算本月总秒数\n        month_total_seconds = (end_of_month - start_of_month).total_seconds(
)\n        \n        # 获取本月内的所有影响记录\n        month_qs = instance.fault_impacts.filter(\n            service_interruptio
n_time__lt=end_of_month,\n            service_recovery_time__gt=start_of_month\n        )\n        \n        month_faul
t_seconds = 0\n        for impact in month_qs:\n            if impact.service_interruption_time and impact.service_reco
very_time:\n                # 只计算在本月内的时长重叠部分\n                overlap_start = max(impact.service_interruption_time, sta
rt_of_month)\n                overlap_end = min(impact.service_recovery_time, end_of_month)\n                if overlap
_end > overlap_start:\n                    month_fault_seconds += (overlap_end - overlap_start).total_seconds()\n      
  \n        sla_this_month = ((month_total_seconds - month_fault_seconds) / month_total_seconds * 100) if month_total_s
econds > 0 else 100\n        sla_this_month = max(0, min(100, sla_this_month)) # 限制在0-100之间\n\n        # 显示该电路业务关联的所有故障
影响业务记录\n        fault_impacts_table = OtnFaultImpactDetailTable(qs)\n        # 排除复选框和操作按钮列，使表格只读\n        if \'pk\' in 
fault_impacts_table.columns:\n            fault_impacts_table.columns.hide(\'pk\')\n        if \'actions\' in fault_imp
acts_table.columns:\n            fault_impacts_table.columns.hide(\'actions\')\n            \n        # 配置分页\n        p
age = request.GET.get(\'page\', 1)\n        try:\n            page = int(page)\n        except ValueError:\n           
 page = 1\n            \n        fault_impacts_table.paginate(page=page, per_page=per_page)\n        \n        return {
\n            \'fault_impacts_table\': fault_impacts_table,\n            \'per_page\': per_page,\n            \'time_fi
lter\': time_filter,\n            \'fault_count\': fault_count,\n            \'total_duration_hours\': round(total_dura
tion_hours, 2),\n            \'avg_duration_hours\': round(avg_duration_hours, 2),\n            \'sla_this_month\': tru
ncate_sla(sla_this_month),\n        }\n\nclass CircuitServiceEditView(generic.ObjectEditView):\n    """电路业务编辑视图"""\n   
 queryset = CircuitService.objects.all()\n    form = CircuitServiceForm\n    template_name = \'netbox_otnfaults/circuit
service_edit.html\'\n\nclass CircuitServiceDeleteView(generic.ObjectDeleteView):\n    """电路业务删除视图"""\n    queryset = Ci
rcuitService.objects.all()\n\nclass CircuitServiceBulkImportView(generic.BulkImportView):\n    """电路业务批量导入视图"""\n    qu
eryset = CircuitService.objects.all()\n    model = CircuitService\n    model_form = CircuitServiceImportForm\n    table
 = CircuitServiceTable\n\nclass CircuitServiceBulkDeleteView(generic.BulkDeleteView):\n    """电路业务批量删除视图"""\n    querys
et = CircuitService.objects.all()\n    table = CircuitServiceTable\n\n@register_model_view(CircuitService, \'bulk_edit\
', path=\'edit\', detail=False)\nclass CircuitServiceBulkEditView(generic.BulkEditView):\n    """电路业务批量编辑视图"""\n    que
ryset = CircuitService.objects.all()\n    filterset = CircuitServiceFilterSet\n    table = CircuitServiceTable\n    for
m = CircuitServiceBulkEditForm\n\n\n# ========== 重要保障视图 ==========\n\nclass HeavyDutyListView(ExcelFriendlyCSVExportMix
in, generic.ObjectListView):\n    """重要保障列表视图"""\n    queryset = HeavyDuty.objects.all()\n    table = HeavyDutyTable\n 
   filterset = HeavyDutyFilterSet\n    filterset_form = HeavyDutyFilterForm\n\n\n@register_model_view(HeavyDuty)\nclass
 HeavyDutyView(generic.ObjectView):\n    """重要保障详情视图"""\n    queryset = HeavyDuty.objects.all()\n\n    def get_extra_co
ntext(self, request, instance):\n        # 关联站点的分页展示\n        sites_table = HeavyDutySiteTable(instance.sites.all(), pr
efix=\'site-\')\n        sites_table.columns.hide(\'pk\') if \'pk\' in sites_table.columns else None\n        sites_pag
e = request.GET.get(\'sites_page\', 1)\n        try:\n            sites_page = int(sites_page)\n        except ValueErr
or:\n            sites_page = 1\n        sites_table.paginate(page=sites_page, per_page=10)\n\n        # 关联电路的分页展示\n   
     circuits_table = CircuitServiceTable(instance.circuit_services.all(), prefix=\'circuit-\')\n        circuits_table
.columns.hide(\'pk\') if \'pk\' in circuits_table.columns else None\n        circuits_page = request.GET.get(\'circuits
_page\', 1)\n        try:\n            circuits_page = int(circuits_page)\n        except ValueError:\n            circ
uits_page = 1\n        circuits_table.paginate(page=circuits_page, per_page=10)\n\n        # 关联裸纤的分页展示\n        bare_fi
bers_table = BareFiberServiceTable(instance.bare_fiber_services.all(), prefix=\'bare-\')\n        bare_fibers_table.col
umns.hide(\'pk\') if \'pk\' in bare_fibers_table.columns else None\n        bare_fibers_page = request.GET.get(\'bare_f
ibers_page\', 1)\n        try:\n            bare_fibers_page = int(bare_fibers_page)\n        except ValueError:\n     
       bare_fibers_page = 1\n        bare_fibers_table.paginate(page=bare_fibers_page, per_page=10)\n\n        return {
\n            \'sites_table\': sites_table,\n            \'circuits_table\': circuits_table,\n            \'bare_fibers
_table\': bare_fibers_table,\n        }\n\n\nclass HeavyDutyEditView(generic.ObjectEditView):\n    """重要保障编辑视图"""\n    
queryset = HeavyDuty.objects.all()\n    form = HeavyDutyForm\n\n\nclass HeavyDutyDeleteView(generic.ObjectDeleteView):\
n    """重要保障删除视图"""\n    queryset = HeavyDuty.objects.all()\n\n\nclass HeavyDutyBulkImportView(generic.BulkImportView):
\n    """重要保障批量导入视图"""\n    queryset = HeavyDuty.objects.all()\n    model = HeavyDuty\n    model_form = HeavyDutyImport
Form\n    table = HeavyDutyTable\n\n\nclass HeavyDutyBulkDeleteView(generic.BulkDeleteView):\n    """重要保障批量删除视图"""\n   
 queryset = HeavyDuty.objects.all()\n    table = HeavyDutyTable\n\n\n@register_model_view(HeavyDuty, \'bulk_edit\', pat
h=\'edit\', detail=False)\nclass HeavyDutyBulkEditView(generic.BulkEditView):\n    """重要保障批量编辑视图"""\n    queryset = Hea
vyDuty.objects.all()\n    filterset = HeavyDutyFilterSet\n    table = HeavyDutyTable\n    form = HeavyDutyBulkEditForm\
n\n    def get_required_permission(self):\n        return \'netbox_otnfaults.change_heavyduty\'\n\n    def get_object(s
elf, **kwargs):\n        return None\n\n    def get_return_url(self, request, obj=None):\n        return reverse(\'plug
ins:netbox_otnfaults:heavyduty_list\')\n'

----------------------------------------------------------------------
Ran 7 tests in 0.006s

FAILED (failures=2)
