All tests passed successfully!
